Perform a FINAL MR CLEANUP of the current fdp-cmd-adaptor-sns branch.

This is a STRICT SCOPE-HYGIENE task.

The current CI optimisation is already successful and MUST NOT be redesigned.

Recent successful full CI runs:

    4:57
    4:44

The objective is:

    clean the final diff against develop
    remove accidental / experimental / unrelated drift
    preserve all proven CI optimisations
    preserve behaviour
    preserve security controls
    preserve the current pipeline architecture

DO NOT optimise anything further.

======================================================================
SOURCE OF TRUTH
======================================================================

Do NOT review commit history as the final state.

The branch contains many historical experiments, additions and reverts.

The ONLY source of truth for cleanup is:

    git fetch origin
    git diff --stat origin/develop...HEAD
    git diff --name-status origin/develop...HEAD
    git diff origin/develop...HEAD

Inspect the COMPLETE final diff before modifying anything.

Do not assume that a change appearing in historical commits is still present.

======================================================================
CRITICAL RULE
======================================================================

Do NOT change any proven optimisation unless it is an accidental behavioural,
security or unrelated drift from develop.

Preserve the current successful architecture including:

- .dockerignore
- Docker layer-order optimisation
- BuildKit / registry cache behaviour
- Testcontainers-based integration suite
- Redis / Kafka / Schema Registry Testcontainers infrastructure
- five aggregate containers used by snapshot scenarios
- dynamic topic suffixes
- Testcontainers suite coverage protection
- Docker availability / zero-test false-green protections
- Testcontainers failure diagnostics
- Kafka polling fixes
- Kafka Streams shutdown/lifecycle fix
- parallel aggregate startup/readiness behaviour
- runtime built-image validation
- Maven reuse optimisation in runtime validation
- Extract Adaptor Information optimisation
- current Drone dependency graph / parallelism
- Prepare Trivy DB parallel step
- final Trivy image scan
- Trivy security coverage
- CI timing output that is still intentionally retained

Do NOT modify these simply to make the diff smaller.

======================================================================
1. FIX DOCKERFILE SECURITY/BEHAVIOUR DRIFT
======================================================================

Compare:

    origin/develop:cmd-adaptor-sns/Dockerfile

against:

    HEAD:cmd-adaptor-sns/Dockerfile

The optimisation was intended to change Docker layer ORDER only.

It was NOT intended to downgrade or alter envconsul installation behaviour.

Specifically verify whether HEAD accidentally changed:

    envconsul 0.13.4
        ->
    envconsul 0.13.1

and/or removed:

    curl --fail
    --show-error
    --location
    SHA-256 verification

If that drift is present, RESTORE the exact develop security behaviour.

Preserve the layer-order optimisation.

Desired conceptual result:

    FROM / stable OS + package setup
    envconsul installation using develop version + validation
    user creation
    COPY application artefacts
    chmod/chown
    runtime configuration

The expensive stable system layer must remain BEFORE application JAR COPY.

Do NOT move COPY back before yum/envconsul setup.

Do NOT invent a new envconsul version or checksum.

Copy the exact version, URL, curl behaviour and checksum validation from
origin/develop.

======================================================================
2. DOCKERIGNORE HYGIENE
======================================================================

Inspect:

    cmd-adaptor-sns/.dockerignore

Keep the functional rules.

Do NOT broaden exclusions if the current Dockerfile requires those files.

Ensure:

- application JAR remains available
- OpenTelemetry Java agent remains available
- Docker build still succeeds
- file ends with a normal newline

Do not rewrite the file unnecessarily.

======================================================================
3. REMOVE ONLY TRUE EXPERIMENTAL ARTEFACTS
======================================================================

Check the FINAL diff for temporary experiment files such as:

    Dockerfile.layer-order-prototype
    T3.3-run-measurements.sh
    T3.3-rerun-warm-cache.sh
    T3.3-artifacts/
    redis-only-compose-script.sh
    temporary benchmark files
    temporary timing scripts
    debug files
    generated logs
    manually generated result files
    temporary payload/logging experiment files

If they are NOT in the final diff:

    do nothing.

If they ARE in the final diff and are no longer part of runtime/CI behaviour:

    remove them.

Do not delete real production/test support classes merely because they were
introduced during experimentation.

======================================================================
4. REMOVE REJECTED EXPERIMENTS IF STILL PRESENT
======================================================================

Verify that rejected experiments are absent from the FINAL diff.

Examples:

- Maven `-T 1C`
- background Testcontainers image prefetch experiment
- payload logging performance experiment
- framework logging changes that were introduced only for performance testing
- temporary readiness caching
- temporary pre-integration-test speed experiments
- hard performance thresholds used only during experimentation

If already reverted:

    do nothing.

If any still remain solely because of an experiment:

    revert only that experiment.

Do NOT remove useful diagnostics merely because they generate logs.

======================================================================
5. KEEP FALSE-GREEN PROTECTIONS
======================================================================

Do NOT remove or weaken:

- Docker availability guard
- mandatory CI Docker failure behaviour
- expected Cucumber scenario coverage
- actual executed scenario count validation
- TestcontainersSuiteCoverageTest
- exact integration runner selection
- test-zero protections
- BuiltImageRuntimeIntegrationTest
- TestcontainersFailureDiagnostics

The cleanup must NOT make CI easier to pass incorrectly.

======================================================================
6. KEEP RUNTIME IMAGE VALIDATION
======================================================================

The current structure:

    Build/Test
        ->
    Build Command Adaptor Image
        ->
    Validate Built Image Runtime
        ->
    Trivy

must remain logically intact.

The Testcontainers Cucumber suite starts the application in the JVM.

Therefore the separately built Docker image still requires explicit runtime
validation.

Do NOT merge/remove that validation merely to reduce code.

======================================================================
7. KEEP TRIVY OPTIMISATION
======================================================================

Preserve:

    Prepare Trivy DB

running in parallel with useful long-running CI work.

Preserve the shared pipeline-local Trivy cache used by the final scan.

Preserve the final Trivy scan itself.

Do NOT change:

    severity
    ignore-unfixed
    secret scanning
    DB repositories
    image being scanned
    security policy / exit-code behaviour

The recent optimisation moved DB download off the critical path:

    Prepare DB ~28-31s
    final Trivy ~14-15s

Do not redesign this.

======================================================================
8. KEEP EXTRACT ADAPTOR INFORMATION OPTIMISATION
======================================================================

Preserve the current optimisation where version extraction avoids unnecessary
repeated Maven startup/work.

Preserve the pipeline dependency graph that allows independent work to overlap.

Do NOT revert this to multiple Maven evaluation invocations.

Do NOT hardcode versions.

======================================================================
9. CHECK FOR UNRELATED PRODUCT CHANGES
======================================================================

Inspect every file in:

    git diff --name-status origin/develop...HEAD

Classify each changed file mentally as one of:

    CI/container optimisation
    Testcontainers migration/support
    correctness required by the migration
    validation/diagnostics
    unrelated product/business change

If an unrelated product/business change exists ONLY because it leaked into this
branch and is not already in origin/develop:

    do not silently modify/rewrite it.

Report it before changing it unless its origin is completely unambiguous.

Do NOT revert current develop changes that are simply visible in historical
patches.

Again:

    compare NET branch state against CURRENT origin/develop.

======================================================================
10. DO NOT CLEAN CODE FOR STYLE
======================================================================

Do NOT perform:

- formatting-only refactors
- renaming
- import reordering unless required to compile
- Java cleanup
- comments cleanup
- README rewriting
- dependency upgrades
- vulnerability remediation
- architecture refactoring
- test refactoring

This is not a general code-quality task.

Small final diff > aesthetic cleanup.

======================================================================
11. VALIDATION
======================================================================

After cleanup run the strongest LOCAL validations available without changing
the implementation.

At minimum:

    git diff --check
    git status --short
    git diff --stat origin/develop...HEAD
    git diff --name-status origin/develop...HEAD

If Docker/Maven/private repository access is available, also validate:

    Maven build/tests relevant to changed modules
    Docker image build
    required local integration/Testcontainers validation where practical

Do NOT create permanent benchmark files.

Do NOT make another optimisation because a local run varies slightly.

======================================================================
12. FINAL DIFF REVIEW
======================================================================

Before finishing, inspect the complete:

    git diff origin/develop...HEAD

Confirm explicitly:

- no temporary prototype files
- no benchmark artefacts
- no debug files
- no rejected experiments
- no accidental envconsul downgrade
- envconsul checksum/security behaviour matches develop
- Docker layer ordering remains optimised
- .dockerignore still supplies required runtime artefacts
- Testcontainers protections remain
- runtime built-image validation remains
- Trivy preparation remains parallel
- final Trivy scan remains
- no unrelated cleanup was introduced

======================================================================
13. DO NOT CREATE DOCUMENTATION
======================================================================

Do not create:

    markdown reports
    cleanup reports
    benchmark reports
    Confluence content
    TODO files

The Confluence guide will be created separately after this final code cleanup.

======================================================================
FINAL RESPONSE
======================================================================

Reply only in terminal/chat.

Maximum 16 lines.

Include:

- final files changed by THIS cleanup
- envconsul drift existed: YES/NO
- envconsul develop behaviour restored: YES/NO/N/A
- Docker layer optimisation preserved: YES/NO
- .dockerignore functionality changed: YES/NO
- experimental artefacts removed: list / NONE
- rejected optimisation residue removed: list / NONE
- Testcontainers architecture changed: YES/NO
- false-green protections changed: YES/NO
- runtime image validation changed: YES/NO
- Extract Adaptor optimisation changed: YES/NO
- Trivy optimisation changed: YES/NO
- unrelated product changes found: list / NONE
- git diff --check: PASS/FAIL
- local validation: PASS / exact blocker
- final recommendation: READY TO PUSH / exact blocker